protected_test.lean:2:8: error: unknown identifier 'induction_on'
protected_test.lean:3:8: error: unknown identifier 'rec_on'
nat.induction_on : ∀ (n : ℕ), ?C 0 → (∀ (a : ℕ), ?C a → ?C (succ a)) → ?C n
lt.rec_on : ?a < ?a_1 → ?C (succ ?a) → (∀ {b : ℕ}, ?a < b → ?C b → ?C (succ b)) → ?C ?a_1
lt.rec_on : ?a < ?a_1 → ?C (succ ?a) → (∀ {b : ℕ}, ?a < b → ?C b → ?C (succ b)) → ?C ?a_1
protected_test.lean:8:10: error: unknown identifier 'rec_on'
lt.rec_on : ?a < ?a_1 → ?C (succ ?a) → (∀ {b : ℕ}, ?a < b → ?C b → ?C (succ b)) → ?C ?a_1
